[Licensing::Module] Trying to connect to existing licensing client channel...
Built from '6000.3/staging' branch; Version is '6000.3.16f1 (a56f230f6470) revision 10841891'; Using compiler version '194234433'; Build Type 'Release'
[Licensing::IpcConnector] Successfully connected to: "LicenseClient-sdaha" at "2026-09-05T13:17:16.1488485Z"
OS: 'Windows 11  (10.0.26200) Core' Language: 'ja' Physical Memory: 65459 MB
BatchMode: 1, IsHumanControllingUs: 0, StartBugReporterOnCrash: 0, Is64bit: 1
System  architecture: x64
Process architecture: x64
Date: 2026-09-05T13:17:16Z

COMMAND LINE ARGUMENTS:
E:\Unity\Unity_6_3_16\Editor\Unity.exe
-batchmode
-quit
-projectPath
D:\Source\chocola\project
-executeMethod
EscapeProto.AdShotVerify.BuildAndShootV2
-logFile
D:\Source\chocola\scratch_shot2.log
Successfully changed project path to: D:\Source\chocola\project
D:/Source/chocola/project
Exiting without the bug reporter. Application will terminate with return code 1